\BOOKMARK [1][-]{Doc-Start}{\376\377\000T\000a\000b\000l\000e\000\040\000d\000e\000s\000\040\000m\000a\000t\000i\000\350\000r\000e\000s}{}% 1
\BOOKMARK [0][-]{chapter*.2}{\376\377\000P\000r\000\351\000f\000a\000c\000e}{}% 2
\BOOKMARK [0][-]{chapter.1}{\376\377\000I\000n\000t\000r\000o\000d\000u\000c\000t\000i\000o\000n}{}% 3
\BOOKMARK [1][-]{section.1.1}{\376\377\000C\000o\000n\000t\000e\000x\000t\000e\000\040\000d\000e\000\040\000l\000'\000\351\000t\000u\000d\000e}{chapter.1}% 4
\BOOKMARK [1][-]{section.1.2}{\376\377\000P\000r\000\351\000s\000e\000n\000t\000a\000t\000i\000o\000n\000\040\000d\000e\000s\000\040\000d\000o\000n\000n\000\351\000e\000s}{chapter.1}% 5
\BOOKMARK [1][-]{section.1.3}{\376\377\000O\000b\000j\000e\000c\000t\000i\000f\000s\000\040\000d\000e\000\040\000l\000'\000\351\000t\000u\000d\000e}{chapter.1}% 6
\BOOKMARK [1][-]{section.1.4}{\376\377\000S\000t\000r\000u\000c\000t\000u\000r\000e\000\040\000d\000u\000\040\000r\000a\000p\000p\000o\000r\000t}{chapter.1}% 7
\BOOKMARK [0][-]{chapter.2}{\376\377\000M\000\351\000t\000h\000o\000d\000o\000l\000o\000g\000i\000e}{}% 8
\BOOKMARK [1][-]{section.2.1}{\376\377\000L\000'\000A\000n\000a\000l\000y\000s\000e\000\040\000e\000n\000\040\000C\000o\000m\000p\000o\000s\000a\000n\000t\000e\000s\000\040\000P\000r\000i\000n\000c\000i\000p\000a\000l\000e\000s\000\040\000\050\000A\000C\000P\000\051}{chapter.2}% 9
\BOOKMARK [2][-]{subsection.2.1.1}{\376\377\000P\000r\000i\000n\000c\000i\000p\000e\000\040\000d\000e\000\040\000l\000'\000A\000C\000P}{section.2.1}% 10
\BOOKMARK [2][-]{subsection.2.1.2}{\376\377\000\311\000t\000a\000p\000e\000s\000\040\000d\000e\000\040\000l\000'\000A\000C\000P}{section.2.1}% 11
\BOOKMARK [1][-]{section.2.2}{\376\377\000D\000e\000s\000c\000r\000i\000p\000t\000i\000o\000n\000\040\000d\000e\000s\000\040\000v\000a\000r\000i\000a\000b\000l\000e\000s}{chapter.2}% 12
\BOOKMARK [1][-]{section.2.3}{\376\377\000J\000u\000s\000t\000i\000f\000i\000c\000a\000t\000i\000o\000n\000\040\000d\000e\000\040\000l\000'\000A\000C\000P\000\040\000p\000o\000u\000r\000\040\000c\000e\000t\000t\000e\000\040\000\351\000t\000u\000d\000e}{chapter.2}% 13
\BOOKMARK [0][-]{chapter.3}{\376\377\000C\000e\000r\000c\000l\000e\000\040\000d\000e\000s\000\040\000C\000o\000r\000r\000\351\000l\000a\000t\000i\000o\000n\000s}{}% 14
\BOOKMARK [1][-]{section.3.1}{\376\377\000P\000r\000\351\000s\000e\000n\000t\000a\000t\000i\000o\000n\000\040\000d\000u\000\040\000g\000r\000a\000p\000h\000i\000q\000u\000e}{chapter.3}% 15
\BOOKMARK [1][-]{section.3.2}{\376\377\000I\000n\000t\000e\000r\000p\000r\000\351\000t\000a\000t\000i\000o\000n\000\040\000d\000e\000s\000\040\000a\000x\000e\000s}{chapter.3}% 16
\BOOKMARK [2][-]{subsection.3.2.1}{\376\377\000A\000x\000e\000\040\000h\000o\000r\000i\000z\000o\000n\000t\000a\000l\000\040\000\050\000D\000i\000m\000e\000n\000s\000i\000o\000n\000\040\0001\000\051}{section.3.2}% 17
\BOOKMARK [2][-]{subsection.3.2.2}{\376\377\000A\000x\000e\000\040\000v\000e\000r\000t\000i\000c\000a\000l\000\040\000\050\000D\000i\000m\000e\000n\000s\000i\000o\000n\000\040\0002\000\051}{section.3.2}% 18
\BOOKMARK [1][-]{section.3.3}{\376\377\000G\000r\000o\000u\000p\000e\000s\000\040\000d\000e\000\040\000v\000a\000r\000i\000a\000b\000l\000e\000s\000\040\000i\000d\000e\000n\000t\000i\000f\000i\000\351\000s}{chapter.3}% 19
\BOOKMARK [1][-]{section.3.4}{\376\377\000C\000o\000n\000c\000l\000u\000s\000i\000o\000n\000\040\000d\000u\000\040\000c\000h\000a\000p\000i\000t\000r\000e}{chapter.3}% 20
\BOOKMARK [0][-]{chapter.4}{\376\377\000C\000o\000n\000t\000r\000i\000b\000u\000t\000i\000o\000n\000\040\000d\000e\000s\000\040\000V\000a\000r\000i\000a\000b\000l\000e\000s}{}% 21
\BOOKMARK [1][-]{section.4.1}{\376\377\000P\000r\000\351\000s\000e\000n\000t\000a\000t\000i\000o\000n\000\040\000d\000u\000\040\000g\000r\000a\000p\000h\000i\000q\000u\000e}{chapter.4}% 22
\BOOKMARK [1][-]{section.4.2}{\376\377\000A\000n\000a\000l\000y\000s\000e\000\040\000d\000e\000s\000\040\000r\000\351\000s\000u\000l\000t\000a\000t\000s}{chapter.4}% 23
\BOOKMARK [2][-]{subsection.4.2.1}{\376\377\000R\000\351\000p\000a\000r\000t\000i\000t\000i\000o\000n\000\040\000d\000e\000s\000\040\000c\000o\000n\000t\000r\000i\000b\000u\000t\000i\000o\000n\000s}{section.4.2}% 24
\BOOKMARK [2][-]{subsection.4.2.2}{\376\377\000I\000n\000t\000e\000r\000p\000r\000\351\000t\000a\000t\000i\000o\000n}{section.4.2}% 25
\BOOKMARK [1][-]{section.4.3}{\376\377\000C\000o\000n\000c\000l\000u\000s\000i\000o\000n\000\040\000d\000u\000\040\000c\000h\000a\000p\000i\000t\000r\000e}{chapter.4}% 26
\BOOKMARK [0][-]{chapter.5}{\376\377\000N\000u\000a\000g\000e\000\040\000d\000e\000s\000\040\000I\000n\000d\000i\000v\000i\000d\000u\000s}{}% 27
\BOOKMARK [1][-]{section.5.1}{\376\377\000P\000r\000\351\000s\000e\000n\000t\000a\000t\000i\000o\000n\000\040\000d\000u\000\040\000g\000r\000a\000p\000h\000i\000q\000u\000e}{chapter.5}% 28
\BOOKMARK [1][-]{section.5.2}{\376\377\000L\000\351\000g\000e\000n\000d\000e\000\040\000d\000u\000\040\000g\000r\000a\000p\000h\000i\000q\000u\000e}{chapter.5}% 29
\BOOKMARK [1][-]{section.5.3}{\376\377\000I\000d\000e\000n\000t\000i\000f\000i\000c\000a\000t\000i\000o\000n\000\040\000d\000e\000s\000\040\000p\000r\000o\000f\000i\000l\000s\000\040\000t\000y\000p\000e\000s}{chapter.5}% 30
\BOOKMARK [2][-]{subsection.5.3.1}{\376\377\000P\000r\000o\000f\000i\000l\000\040\0001\000\040\000:\000\040\000L\000e\000\040\000m\000o\000d\000e\000\040\000d\000e\000\040\000v\000i\000e\000\040\000"\000s\000a\000i\000n\000"\000\040\000\050\000G\000a\000u\000c\000h\000e\000\040\000d\000u\000\040\000g\000r\000a\000p\000h\000i\000q\000u\000e\000\051}{section.5.3}% 31
\BOOKMARK [2][-]{subsection.5.3.2}{\376\377\000P\000r\000o\000f\000i\000l\000\040\0002\000\040\000:\000\040\000L\000e\000\040\000m\000o\000d\000e\000\040\000d\000e\000\040\000v\000i\000e\000\040\000"\000s\000t\000r\000e\000s\000s\000\351\000"\000\040\000\050\000D\000r\000o\000i\000t\000e\000\040\000d\000u\000\040\000g\000r\000a\000p\000h\000i\000q\000u\000e\000\051}{section.5.3}% 32
\BOOKMARK [1][-]{section.5.4}{\376\377\000A\000n\000a\000l\000y\000s\000e\000\040\000d\000e\000s\000\040\000c\000a\000s\000\040\000e\000x\000t\000r\000\352\000m\000e\000s}{chapter.5}% 33
\BOOKMARK [1][-]{section.5.5}{\376\377\000C\000o\000n\000c\000l\000u\000s\000i\000o\000n\000\040\000d\000u\000\040\000c\000h\000a\000p\000i\000t\000r\000e}{chapter.5}% 34
\BOOKMARK [0][-]{chapter.6}{\376\377\000V\000a\000l\000e\000u\000r\000s\000\040\000P\000r\000o\000p\000r\000e\000s\000\040\000-\000\040\000Q\000u\000a\000l\000i\000t\000\351\000\040\000d\000e\000\040\000l\000'\000A\000n\000a\000l\000y\000s\000e}{}% 35
\BOOKMARK [1][-]{section.6.1}{\376\377\000P\000r\000\351\000s\000e\000n\000t\000a\000t\000i\000o\000n\000\040\000d\000u\000\040\000g\000r\000a\000p\000h\000i\000q\000u\000e}{chapter.6}% 36
\BOOKMARK [1][-]{section.6.2}{\376\377\000D\000\351\000f\000i\000n\000i\000t\000i\000o\000n\000\040\000d\000e\000s\000\040\000v\000a\000l\000e\000u\000r\000s\000\040\000p\000r\000o\000p\000r\000e\000s}{chapter.6}% 37
\BOOKMARK [1][-]{section.6.3}{\376\377\000R\000\351\000s\000u\000l\000t\000a\000t\000s\000\040\000d\000e\000\040\000l\000'\000a\000n\000a\000l\000y\000s\000e}{chapter.6}% 38
\BOOKMARK [2][-]{subsection.6.3.1}{\376\377\000P\000o\000u\000r\000c\000e\000n\000t\000a\000g\000e\000s\000\040\000d\000e\000\040\000v\000a\000r\000i\000a\000n\000c\000e\000\040\000e\000x\000p\000l\000i\000q\000u\000\351\000e}{section.6.3}% 39
\BOOKMARK [2][-]{subsection.6.3.2}{\376\377\000I\000n\000t\000e\000r\000p\000r\000\351\000t\000a\000t\000i\000o\000n\000\040\000d\000e\000s\000\040\000r\000\351\000s\000u\000l\000t\000a\000t\000s}{section.6.3}% 40
\BOOKMARK [1][-]{section.6.4}{\376\377\000U\000t\000i\000l\000i\000t\000\351\000\040\000d\000e\000s\000\040\000v\000a\000l\000e\000u\000r\000s\000\040\000p\000r\000o\000p\000r\000e\000s}{chapter.6}% 41
\BOOKMARK [2][-]{subsection.6.4.1}{\376\377\0001\000.\000\040\000\311\000v\000a\000l\000u\000e\000r\000\040\000l\000a\000\040\000q\000u\000a\000l\000i\000t\000\351\000\040\000d\000e\000\040\000l\000'\000a\000n\000a\000l\000y\000s\000e}{section.6.4}% 42
\BOOKMARK [2][-]{subsection.6.4.2}{\376\377\0002\000.\000\040\000C\000h\000o\000i\000s\000i\000r\000\040\000l\000e\000\040\000n\000o\000m\000b\000r\000e\000\040\000d\000'\000a\000x\000e\000s\000\040\000\340\000\040\000g\000a\000r\000d\000e\000r}{section.6.4}% 43
\BOOKMARK [2][-]{subsection.6.4.3}{\376\377\0003\000.\000\040\000V\000a\000l\000i\000d\000e\000r\000\040\000l\000e\000s\000\040\000r\000e\000p\000r\000\351\000s\000e\000n\000t\000a\000t\000i\000o\000n\000s\000\040\000g\000r\000a\000p\000h\000i\000q\000u\000e\000s}{section.6.4}% 44
\BOOKMARK [1][-]{section.6.5}{\376\377\000C\000o\000n\000c\000l\000u\000s\000i\000o\000n\000\040\000d\000u\000\040\000c\000h\000a\000p\000i\000t\000r\000e}{chapter.6}% 45
\BOOKMARK [0][-]{chapter*.13}{\376\377\000C\000o\000n\000c\000l\000u\000s\000i\000o\000n}{}% 46
\BOOKMARK [0][-]{chapter*.15}{\376\377\000I\000n\000d\000e\000x}{}% 47
